================================================================================
PRUEBA DE DETECCIËN DE GU═AS DUPLICADAS
================================================================================

Resumen de guÝas:
python : Traceback (most recent call last):
En línea: 1 Carácter: 1
+ python test_guias_duplicadas.py 2>&1 | Out-File -Encoding UTF8 test_o ...
+ ~~~~~~~~~~~~~~~~~~~~~~~~~~~~~~~~~~~~
    + CategoryInfo          : NotSpecified: (Traceback (most recent call last)::String) [], RemoteException
    + FullyQualifiedErrorId : NativeCommandError
 
  File "C:\Users\HP\Desktop\dash\proyectos\test_guias_duplicadas.py", line 138, in <module>
    test_duplicate_detection()
    ~~~~~~~~~~~~~~~~~~~~~~~~^^
  File "C:\Users\HP\Desktop\dash\proyectos\test_guias_duplicadas.py", line 104, in test_duplicate_detection
    print(f"  {guia}: {count} ocurrencia(s) - {status}")
    ~~~~~^^^^^^^^^^^^^^^^^^^^^^^^^^^^^^^^^^^^^^^^^^^^^^^
  File "C:\Program 
Files\WindowsApps\PythonSoftwareFoundation.Python.3.13_3.13.2544.0_x64__qbz5n2kfra8p0\Lib\encodings\cp1252.py", line 
19, in encode
    return codecs.charmap_encode(input,self.errors,encoding_table)[0]
           ~~~~~~~~~~~~~~~~~~~~~^^^^^^^^^^^^^^^^^^^^^^^^^^^^^^^^^^
UnicodeEncodeError: 'charmap' codec can't encode characters in position 33-34: character maps to <undefined>
